@0+2 keys=[NSFont,NSKern]
@2+2 keys=[NSFont]
@4+2 keys=[NSFont,NSKern]
@11+1 keys=[NSFont,NSKern]
@12+2 keys=[NSFont]
@14+1 keys=[NSFont,NSKern]
@20+1 keys=[NSColor,NSFont]
@21+2 keys=[NSBackgroundColor,NSFont]
@23+1 keys=[NSColor,NSFont]
@37+1 keys=[NSFont,NSKern]
@38+6 keys=[NSFont]
@44+1 keys=[NSFont,NSKern]
