@0+1 keys=[NSColor,NSFont]
@0+1 keys=[NSFont,NSKern]
@0+5 keys=[NSParagraphStyle]
@1+1 keys=[NSColor,NSFont]
@1+1 keys=[NSFont,NSKern]
@2+2 keys=[NSFont]
@5+2 keys=[NSColor,NSFont]
@5+2 keys=[NSFont,NSKern]
@5+6 keys=[NSParagraphStyle]
@7+1 keys=[NSColor,NSFont]
@7+1 keys=[NSFont,NSKern]
@8+2 keys=[NSFont]
@11+3 keys=[NSColor,NSFont]
@11+3 keys=[NSFont,NSKern]
@11+7 keys=[NSParagraphStyle]
@14+1 keys=[NSColor,NSFont]
@14+1 keys=[NSFont,NSKern]
@15+2 keys=[NSFont]
@18+4 keys=[NSColor,NSFont]
@18+4 keys=[NSFont,NSKern]
@18+8 keys=[NSParagraphStyle]
@22+1 keys=[NSColor,NSFont]
@22+1 keys=[NSFont,NSKern]
@23+2 keys=[NSFont]
@26+5 keys=[NSColor,NSFont]
@26+5 keys=[NSFont,NSKern]
@26+9 keys=[NSParagraphStyle]
@31+1 keys=[NSColor,NSFont]
@31+1 keys=[NSFont,NSKern]
@32+2 keys=[NSFont]
@35+6 keys=[NSColor,NSFont]
@35+6 keys=[NSFont,NSKern]
@35+10 keys=[NSParagraphStyle]
@41+1 keys=[NSColor,NSFont]
@41+1 keys=[NSFont,NSKern]
@42+2 keys=[NSFont]
