@0+1 keys=[NSColor]
@0+1 keys=[NSColor]
@0+2 keys=[NSColor]
@0+2 keys=[NSFont,NSKern]
@0+4 keys=[NSSpellingState]
@1+1 keys=[NSColor]
@1+1 keys=[NSColor]
@1+1 keys=[NSColor]
@2+0 keys=[NSColor]
@2+1 keys=[NSColor]
@2+1 keys=[NSColor]
@2+1 keys=[NSColor]
@2+2 keys=[NSColor]
@2+2 keys=[NSFont,NSKern]
@3+1 keys=[NSColor]
@9+1 keys=[NSColor]
@9+2 keys=[NSColor]
@9+2 keys=[NSFont,NSKern]
@9+7 keys=[NSSpellingState]
@10+1 keys=[NSColor]
@11+0 keys=[NSColor]
@11+1 keys=[NSColor]
@12+1 keys=[NSColor]
@13+1 keys=[NSColor]
@14+1 keys=[NSColor]
@14+2 keys=[NSColor]
@14+2 keys=[NSFont,NSKern]
@21+1 keys=[NSColor]
@21+2 keys=[NSColor]
@21+2 keys=[NSFont,NSKern]
@21+9 keys=[NSSpellingState]
@22+1 keys=[NSColor]
@23+1 keys=[NSColor]
@23+4 keys=[NSColor]
@24+1 keys=[NSColor]
@25+1 keys=[NSColor]
@26+1 keys=[NSColor]
@27+1 keys=[NSColor]
@28+1 keys=[NSColor]
@28+2 keys=[NSColor]
@28+2 keys=[NSFont,NSKern]
