@4+1 keys=[NSColor]
@4+2 keys=[NSColor]
@4+2 keys=[NSFont,NSKern]
@4+11 keys=[NSSpellingState]
@5+1 keys=[NSColor]
@6+1 keys=[NSColor]
@6+7 keys=[NSColor]
@7+1 keys=[NSColor]
@8+1 keys=[NSColor]
@9+1 keys=[NSColor]
@10+1 keys=[NSColor]
@11+1 keys=[NSColor]
@12+1 keys=[NSColor]
@13+1 keys=[NSColor]
@13+2 keys=[NSColor]
@13+2 keys=[NSFont,NSKern]
@20+1 keys=[NSColor]
@20+2 keys=[NSColor]
@20+2 keys=[NSFont,NSKern]
@20+46 keys=[NSSpellingState]
@21+1 keys=[NSColor]
@22+1 keys=[NSColor]
@22+5 keys=[NSColor]
@23+1 keys=[NSColor]
@24+1 keys=[NSColor]
@25+1 keys=[NSColor]
@26+1 keys=[NSColor]
@27+1 keys=[NSColor]
@28+1 keys=[NSColor]
@29+1 keys=[NSColor]
@30+1 keys=[NSColor]
@31+1 keys=[NSColor]
@32+1 keys=[NSColor]
@33+1 keys=[NSColor]
@34+1 keys=[NSColor]
@35+1 keys=[NSColor]
@36+1 keys=[NSColor]
@37+1 keys=[NSColor]
@38+1 keys=[NSColor]
@39+1 keys=[NSColor]
@40+1 keys=[NSColor]
@41+1 keys=[NSColor]
@42+1 keys=[NSColor]
@43+1 keys=[NSColor]
@44+1 keys=[NSColor]
@45+1 keys=[NSColor]
@46+1 keys=[NSColor]
@47+1 keys=[NSColor]
@48+1 keys=[NSColor]
@49+1 keys=[NSColor]
@50+1 keys=[NSColor]
@51+1 keys=[NSColor]
@52+1 keys=[NSColor]
@53+1 keys=[NSColor]
@54+1 keys=[NSColor]
@55+1 keys=[NSColor]
@56+1 keys=[NSColor]
@57+1 keys=[NSColor]
@58+1 keys=[NSColor]
@59+1 keys=[NSColor]
@60+1 keys=[NSColor]
@61+1 keys=[NSColor]
@62+1 keys=[NSColor]
@63+1 keys=[NSColor]
@64+1 keys=[NSColor]
@64+2 keys=[NSColor]
@64+2 keys=[NSFont,NSKern]
