@0+1 keys=[NSColor]
@0+1 keys=[NSFont,NSKern]
@0+27 keys=[NSSpellingState]
@1+4 keys=[NSColor,NSLink,NSUnderline]
@5+1 keys=[NSColor]
@5+1 keys=[NSFont,NSKern]
@6+1 keys=[NSColor]
@6+1 keys=[NSFont,NSKern]
@6+21 keys=[NSColor,NSFont]
@7+19 keys=[NSLink]
@26+1 keys=[NSColor]
@26+1 keys=[NSFont,NSKern]
@32+1 keys=[NSColor]
@32+1 keys=[NSFont,NSKern]
@32+6 keys=[NSSpellingState]
@33+1 keys=[NSColor,NSLink,NSUnderline]
@34+1 keys=[NSColor]
@34+1 keys=[NSFont,NSKern]
@35+1 keys=[NSColor]
@35+1 keys=[NSFont,NSKern]
@35+3 keys=[NSColor,NSFont]
@37+1 keys=[NSColor]
@37+1 keys=[NSFont,NSKern]
