@0+1 keys=[NSColor]
@0+1 keys=[NSFont,NSKern]
@0+47 keys=[NSSpellingState]
@1+4 keys=[NSColor,NSLink,NSUnderline]
@5+1 keys=[NSColor]
@5+1 keys=[NSFont,NSKern]
@6+1 keys=[NSColor]
@6+1 keys=[NSFont,NSKern]
@6+41 keys=[NSColor,NSFont]
@7+40 keys=[NSLink]
@46+1 keys=[NSColor]
@46+1 keys=[NSFont,NSKern]
@52+1 keys=[NSColor]
@52+1 keys=[NSFont,NSKern]
@52+9 keys=[NSSpellingState]
@53+1 keys=[NSColor,NSLink,NSUnderline]
@54+1 keys=[NSColor]
@54+1 keys=[NSFont,NSKern]
@55+1 keys=[NSColor]
@55+1 keys=[NSFont,NSKern]
@55+6 keys=[NSColor,NSFont]
@60+1 keys=[NSColor]
@60+1 keys=[NSFont,NSKern]
