@0+2 keys=[NSColor]
@0+2 keys=[NSFont,NSKern]
@3+1 keys=[NSColor]
@3+1 keys=[NSFont,NSKern]
@4+1 keys=[NSColor]
@4+1 keys=[NSFont,NSKern]
@6+1 keys=[NSColor]
@6+1 keys=[NSFont,NSKern]
@7+1 keys=[NSColor]
@7+1 keys=[NSFont,NSKern]
@7+6 keys=[NSSpellingState]
@8+1 keys=[NSColor,NSLink,NSUnderline]
@9+1 keys=[NSColor]
@9+1 keys=[NSFont,NSKern]
@10+1 keys=[NSColor]
@10+1 keys=[NSFont,NSKern]
@10+3 keys=[NSColor,NSFont]
@12+1 keys=[NSColor]
@12+1 keys=[NSFont,NSKern]
