@0+3 keys=[NSFont,NSKern]
@3+9 keys=[NSFont]
@12+3 keys=[NSFont,NSKern]
@20+1 keys=[NSFont,NSKern]
@21+3 keys=[NSFont]
@22+2 keys=[NSFont,NSKern]
@24+1 keys=[NSFont]
@25+2 keys=[NSFont,NSKern]
@25+9 keys=[NSFont]
@32+2 keys=[NSFont,NSKern]
@34+1 keys=[NSFont]
@35+1 keys=[NSFont,NSKern]
@35+2 keys=[NSFont]
@37+2 keys=[NSFont,NSKern]
