@0+3 keys=[NSColor]
@1+1 keys=[NSColor]
@2+1 keys=[NSColor]
@3+1 keys=[NSColor]
@4+1 keys=[NSColor]
@5+1 keys=[NSColor]
@6+1 keys=[NSColor]
@6+2 keys=[NSColor]
@8+1 keys=[NSColor]
@8+2 keys=[NSColor]
@8+2 keys=[NSFont,NSKern]
@8+8 keys=[NSSpellingState]
@9+1 keys=[NSColor]
@10+1 keys=[NSColor]
@10+4 keys=[NSColor]
@11+1 keys=[NSColor]
@12+1 keys=[NSColor]
@13+1 keys=[NSColor]
@14+1 keys=[NSColor]
@14+2 keys=[NSColor]
@14+2 keys=[NSFont,NSKern]
@21+3 keys=[NSColor]
@22+1 keys=[NSColor]
@23+1 keys=[NSColor]
@24+1 keys=[NSColor]
@25+1 keys=[NSColor]
@25+2 keys=[NSColor]
@28+1 keys=[NSColor]
@28+2 keys=[NSColor]
@28+2 keys=[NSFont,NSKern]
@28+5 keys=[NSSpellingState]
@29+1 keys=[NSColor]
@30+1 keys=[NSColor]
@30+1 keys=[NSColor]
@31+1 keys=[NSColor]
@31+2 keys=[NSColor]
@31+2 keys=[NSFont,NSKern]
@42+3 keys=[NSColor]
@43+1 keys=[NSColor]
@44+1 keys=[NSColor]
@45+1 keys=[NSColor]
@46+1 keys=[NSColor]
@46+2 keys=[NSColor]
